  GameServer.cpp
C:\Users\sdj53\Documents\GitHub\MMO-Server-Portfolio\Server\MMO_GameServer\GameServer.cpp(106,20): warning C4018: '<': signed 또는 unsigned가 일치하지 않습니다.
C:\Users\sdj53\Documents\GitHub\MMO-Server-Portfolio\Server\MMO_GameServer\GameServer.cpp(147,20): warning C4018: '<': signed 또는 unsigned가 일치하지 않습니다.
C:\Users\sdj53\Documents\GitHub\MMO-Server-Portfolio\Server\MMO_GameServer\GameServer.cpp(218,20): warning C4018: '<': signed 또는 unsigned가 일치하지 않습니다.
C:\Users\sdj53\Documents\GitHub\MMO-Server-Portfolio\Server\MMO_GameServer\GameServer.cpp(308,20): warning C4018: '<': signed 또는 unsigned가 일치하지 않습니다.
C:\Users\sdj53\Documents\GitHub\MMO-Server-Portfolio\NetworkLib\common_files\include\memorypool\LockFreeMemoryPoolLive.h(74,9): warning C4101: 'tempTop' :참조되지 않은 지역 변수입니다.
  (소스 파일 'GameServer.cpp'을(를) 컴파일하는 중)
      C:\Users\sdj53\Documents\GitHub\MMO-Server-Portfolio\NetworkLib\common_files\include\memorypool\LockFreeMemoryPoolLive.h(74,9):
      템플릿 인스턴스화 컨텍스트(가장 오래된 인스턴스화 컨텍스트)가
          C:\Users\sdj53\Documents\GitHub\MMO-Server-Portfolio\Server\MMO_GameServer\GameServer.cpp(113,2):
          컴파일되는 클래스 템플릿 인스턴스화 'CMemoryPool<CUser>'에 대한 참조를 확인하세요.
          C:\Users\sdj53\Documents\GitHub\MMO-Server-Portfolio\NetworkLib\common_files\include\memorypool\LockFreeMemoryPoolLive.h(70,3):
          클래스 템플릿 멤버 함수 'CMemoryPool<CUser>::~CMemoryPool(void)'을(를) 컴파일하는 중입니다.
              C:\Users\sdj53\Documents\GitHub\MMO-Server-Portfolio\NetworkLib\common_files\include\memorypool\LockFreeMemoryPoolLive.h(310,1):
              'CMemoryPool<CUser>::~CMemoryPool'에서 'CMemoryPool<CUser>::~CMemoryPool'에 대한 첫 번째 참조를 확인하세요.
  
  코드를 생성하고 있습니다.
  Previous IPDB not found, fall back to full compilation.
  All 926 functions were compiled because no usable IPDB/IOBJ from previous compilation was found.
  코드를 생성했습니다.
  MMO_GameServer.vcxproj -> C:\Users\sdj53\Documents\GitHub\MMO-Server-Portfolio\Server\MMO_GameServer\x64\Release\MMO_GameServer.exe
